==============================================================================
TestDemo3 dataDriven :: To validate the login form                            
==============================================================================
Select the User radio button                                          | PASS |
------------------------------------------------------------------------------
TestDemo3 dataDriven :: To validate the login form                    | PASS |
1 test, 1 passed, 0 failed
==============================================================================
Output:  C:\Users\1030968\PycharmProjects\RobotFramework\Tests\pabot_results\2\output.xml
